LIBRADOS_PRIVATE {
	local:	*;
};

LIBRADOS_14.2.0 {
        global:
                extern "C++" {
                        "typeinfo for librados::ObjectOperation";
                        "typeinfo name for librados::ObjectOperation";
                        "vtable for librados::ObjectOperation";

                        "typeinfo for librados::ObjectReadOperation";
                        "typeinfo name for librados::ObjectReadOperation";
                        "vtable for librados::ObjectReadOperation";

                        "typeinfo for librados::ObjectWriteOperation";
                        "typeinfo name for librados::ObjectWriteOperation";
                        "vtable for librados::ObjectWriteOperation";

                        "typeinfo for librados::WatchCtx";
                        "typeinfo name for librados::WatchCtx";
                        "vtable for librados::WatchCtx";

                        "typeinfo for librados::WatchCtx2";
                        "typeinfo name for librados::WatchCtx2";
                        "vtable for librados::WatchCtx2";
                };
} LIBRADOS_PRIVATE;
